<html>
<body>
<pre>
<h1>µVision Build Log</h1>
<h2>Tool Versions:</h2>
IDE-Version: µVision V5.32.0.0
Copyright (C) 2020 ARM Ltd and ARM Germany GmbH. All rights reserved.
License Information: alessio de matteis, unisa, LIC=----
 
Tool Versions:
Toolchain:       MDK-Lite  Version: 5.32.0.0
Toolchain Path:  C:\Keil_v5\ARM\ARMCLANG\Bin
C Compiler:      ArmClang.exe V6.14.1
Assembler:       Armasm.exe V6.14.1
Linker/Locator:  ArmLink.exe V6.14.1
Library Manager: ArmAr.exe V6.14.1
Hex Converter:   FromElf.exe V6.14.1
CPU DLL:         SARMCM3.DLL V5.32.0.0
Dialog DLL:      DCM.DLL V1.17.3.0
Target DLL:      STLink\ST-LINKIII-KEIL_SWO.dll V3.0.8.0
Dialog DLL:      TCM.DLL V1.46.0.0
 
<h2>Project:</h2>
C:\Users\alexi\Documents\SnifferCanbus\9_Led_B_Usart2.uvprojx
Project File Date:  02/05/2026

<h2>Output:</h2>
*** Using Compiler 'V6.14.1', folder: 'C:\Keil_v5\ARM\ARMCLANG\Bin'
Rebuild target 'Target 1'
assembling startup_stm32f413xx.s...
9_Led_Blinking_USART2_TX_RX.c(4): warning: In file included from...
./STM32F413XX.h(59): warning: no newline at end of file [-Wnewline-eof]
#endif
      ^
9_Led_Blinking_USART2_TX_RX.c(10): warning: 'GPIOA_PUPDR' macro redefined [-Wmacro-redefined]
#define GPIOA_PUPDR  *(volatile long*)0x4002000C
        ^
./STM32F413XX.h(14): note: previous definition is here
#define GPIOA_PUPDR    *(long*)0x4002000C 
        ^
9_Led_Blinking_USART2_TX_RX.c(14): warning: no previous extern declaration for non-static variable 'current_cpu_freq' [-Wmissing-variable-declarations]
long current_cpu_freq = 16; 
     ^
9_Led_Blinking_USART2_TX_RX.c(14): note: declare 'static' if the variable is not intended to be used outside of this translation unit
long current_cpu_freq = 16; 
^
9_Led_Blinking_USART2_TX_RX.c(275): warning: no newline at end of file [-Wnewline-eof]
}
 ^
9_Led_Blinking_USART2_TX_RX.c(139): warning: function 'Gestione_Sniffer_CAN' could be declared with attribute 'noreturn' [-Wmissing-noreturn]
{
^
9_Led_Blinking_USART2_TX_RX.c(15): warning: no previous extern declaration for non-static variable 'menu_buffer' [-Wmissing-variable-declarations]
char menu_buffer[100];
     ^
9_Led_Blinking_USART2_TX_RX.c(15): note: declare 'static' if the variable is not intended to be used outside of this translation unit
char menu_buffer[100];
^
6 warnings generated.
compiling 9_Led_Blinking_USART2_TX_RX.c...
linking...
Program Size: Code=5876 RO-data=1148 RW-data=4 ZI-data=1228  
FromELF: creating hex file...
".\Objects\9_Led_B_Usart2.axf" - 0 Error(s), 6 Warning(s).

<h2>Software Packages used:</h2>

Package Vendor: Keil
                https://www.keil.com/pack/Keil.STM32F4xx_DFP.3.1.1.pack
                Keil.STM32F4xx_DFP.3.1.1
                STMicroelectronics STM32F4 Series Device Support

<h2>Collection of Component include folders:</h2>

<h2>Collection of Component Files used:</h2>
Build Time Elapsed:  00:00:00
</pre>
</body>
</html>
