Component: ARM Compiler 6.14.1 Tool: armlink [5db06d00]

==============================================================================

Section Cross References

    9_led_blinking_usart2_tx_rx.o(.text.main) refers to 9_led_blinking_usart2_tx_rx.o(.text.init) for init
    9_led_blinking_usart2_tx_rx.o(.text.main) refers to 9_led_blinking_usart2_tx_rx.o(.rodata.str1.1) for .L.str
    9_led_blinking_usart2_tx_rx.o(.text.main) refers to 9_led_blinking_usart2_tx_rx.o(.text.scrivi_stringa) for scrivi_stringa
    9_led_blinking_usart2_tx_rx.o(.text.main) refers to 9_led_blinking_usart2_tx_rx.o(.text.stampa_intestazione) for stampa_intestazione
    9_led_blinking_usart2_tx_rx.o(.text.main) refers to 9_led_blinking_usart2_tx_rx.o(.text.gestisci_menu_frequenza) for gestisci_menu_frequenza
    9_led_blinking_usart2_tx_rx.o(.text.main) refers to 9_led_blinking_usart2_tx_rx.o(.data.current_cpu_freq) for current_cpu_freq
    9_led_blinking_usart2_tx_rx.o(.text.main) refers to 9_led_blinking_usart2_tx_rx.o(.text.Gestione_Sniffer_CAN) for Gestione_Sniffer_CAN
    9_led_blinking_usart2_tx_rx.o(.ARM.exidx.text.main) refers to 9_led_blinking_usart2_tx_rx.o(.text.main) for [Anonymous Symbol]
    9_led_blinking_usart2_tx_rx.o(.ARM.exidx.text.init) refers to 9_led_blinking_usart2_tx_rx.o(.text.init) for [Anonymous Symbol]
    9_led_blinking_usart2_tx_rx.o(.text.scrivi_stringa) refers to 9_led_blinking_usart2_tx_rx.o(.text.scrivi_char) for scrivi_char
    9_led_blinking_usart2_tx_rx.o(.ARM.exidx.text.scrivi_stringa) refers to 9_led_blinking_usart2_tx_rx.o(.text.scrivi_stringa) for [Anonymous Symbol]
    9_led_blinking_usart2_tx_rx.o(.text.stampa_intestazione) refers to 9_led_blinking_usart2_tx_rx.o(.rodata.str1.1) for .L.str.3
    9_led_blinking_usart2_tx_rx.o(.text.stampa_intestazione) refers to 9_led_blinking_usart2_tx_rx.o(.text.scrivi_stringa) for scrivi_stringa
    9_led_blinking_usart2_tx_rx.o(.text.stampa_intestazione) refers to 9_led_blinking_usart2_tx_rx.o(.data.current_cpu_freq) for current_cpu_freq
    9_led_blinking_usart2_tx_rx.o(.text.stampa_intestazione) refers to 9_led_blinking_usart2_tx_rx.o(.bss.menu_buffer) for menu_buffer
    9_led_blinking_usart2_tx_rx.o(.text.stampa_intestazione) refers to printfa.o(i.__0sprintf) for sprintf
    9_led_blinking_usart2_tx_rx.o(.ARM.exidx.text.stampa_intestazione) refers to 9_led_blinking_usart2_tx_rx.o(.text.stampa_intestazione) for [Anonymous Symbol]
    9_led_blinking_usart2_tx_rx.o(.text.gestisci_menu_frequenza) refers to 9_led_blinking_usart2_tx_rx.o(.rodata.str1.1) for .L.str.6
    9_led_blinking_usart2_tx_rx.o(.text.gestisci_menu_frequenza) refers to 9_led_blinking_usart2_tx_rx.o(.text.scrivi_stringa) for scrivi_stringa
    9_led_blinking_usart2_tx_rx.o(.text.gestisci_menu_frequenza) refers to 9_led_blinking_usart2_tx_rx.o(.data.current_cpu_freq) for current_cpu_freq
    9_led_blinking_usart2_tx_rx.o(.text.gestisci_menu_frequenza) refers to 9_led_blinking_usart2_tx_rx.o(.text.set_clock_16MHz) for set_clock_16MHz
    9_led_blinking_usart2_tx_rx.o(.text.gestisci_menu_frequenza) refers to 9_led_blinking_usart2_tx_rx.o(.text.set_clock_80MHz) for set_clock_80MHz
    9_led_blinking_usart2_tx_rx.o(.ARM.exidx.text.gestisci_menu_frequenza) refers to 9_led_blinking_usart2_tx_rx.o(.text.gestisci_menu_frequenza) for [Anonymous Symbol]
    9_led_blinking_usart2_tx_rx.o(.text.Gestione_Sniffer_CAN) refers to 9_led_blinking_usart2_tx_rx.o(.rodata.str1.1) for .L.str.9
    9_led_blinking_usart2_tx_rx.o(.text.Gestione_Sniffer_CAN) refers to 9_led_blinking_usart2_tx_rx.o(.text.scrivi_stringa) for scrivi_stringa
    9_led_blinking_usart2_tx_rx.o(.text.Gestione_Sniffer_CAN) refers to 9_led_blinking_usart2_tx_rx.o(.bss.buffer_invio) for buffer_invio
    9_led_blinking_usart2_tx_rx.o(.text.Gestione_Sniffer_CAN) refers to printfa.o(i.__0sprintf) for sprintf
    9_led_blinking_usart2_tx_rx.o(.text.Gestione_Sniffer_CAN) refers to 9_led_blinking_usart2_tx_rx.o(.text.leggi_numero_hex) for leggi_numero_hex
    9_led_blinking_usart2_tx_rx.o(.ARM.exidx.text.Gestione_Sniffer_CAN) refers to 9_led_blinking_usart2_tx_rx.o(.text.Gestione_Sniffer_CAN) for [Anonymous Symbol]
    9_led_blinking_usart2_tx_rx.o(.ARM.exidx.text.scrivi_char) refers to 9_led_blinking_usart2_tx_rx.o(.text.scrivi_char) for [Anonymous Symbol]
    9_led_blinking_usart2_tx_rx.o(.text.leggi_numero_hex) refers to 9_led_blinking_usart2_tx_rx.o(.text.scrivi_char) for scrivi_char
    9_led_blinking_usart2_tx_rx.o(.text.leggi_numero_hex) refers to 9_led_blinking_usart2_tx_rx.o(.rodata.str1.1) for .L.str.2
    9_led_blinking_usart2_tx_rx.o(.text.leggi_numero_hex) refers to 9_led_blinking_usart2_tx_rx.o(.text.scrivi_stringa) for scrivi_stringa
    9_led_blinking_usart2_tx_rx.o(.ARM.exidx.text.leggi_numero_hex) refers to 9_led_blinking_usart2_tx_rx.o(.text.leggi_numero_hex) for [Anonymous Symbol]
    9_led_blinking_usart2_tx_rx.o(.ARM.exidx.text.set_clock_80MHz) refers to 9_led_blinking_usart2_tx_rx.o(.text.set_clock_80MHz) for [Anonymous Symbol]
    9_led_blinking_usart2_tx_rx.o(.ARM.exidx.text.set_clock_16MHz) refers to 9_led_blinking_usart2_tx_rx.o(.text.set_clock_16MHz) for [Anonymous Symbol]
    startup_stm32f413xx.o(RESET) refers to startup_stm32f413xx.o(STACK) for __initial_sp
    startup_stm32f413xx.o(RESET) refers to startup_stm32f413xx.o(.text) for Reset_Handler
    startup_stm32f413xx.o(.text) refers to entry.o(.ARM.Collect$$$$00000000) for __main
    entry.o(.ARM.Collect$$$$00000000) refers (Special) to entry10a.o(.ARM.Collect$$$$0000000D) for __rt_final_cpp
    entry.o(.ARM.Collect$$$$00000000) refers (Special) to entry11a.o(.ARM.Collect$$$$0000000F) for __rt_final_exit
    entry.o(.ARM.Collect$$$$00000000) refers (Special) to entry7b.o(.ARM.Collect$$$$00000008) for _main_clock
    entry.o(.ARM.Collect$$$$00000000) refers (Special) to entry8b.o(.ARM.Collect$$$$0000000A) for _main_cpp_init
    entry.o(.ARM.Collect$$$$00000000) refers (Special) to entry9a.o(.ARM.Collect$$$$0000000B) for _main_init
    entry.o(.ARM.Collect$$$$00000000) refers (Special) to entry5.o(.ARM.Collect$$$$00000004) for _main_scatterload
    entry.o(.ARM.Collect$$$$00000000) refers (Special) to entry2.o(.ARM.Collect$$$$00000001) for _main_stk
    printfa.o(i.__0fprintf) refers (Special) to iusefp.o(.text) for __I$use$fp
    printfa.o(i.__0fprintf) refers to printfa.o(i._printf_core) for _printf_core
    printfa.o(i.__0fprintf) refers to fputc.o(i.fputc) for fputc
    printfa.o(i.__0printf) refers (Special) to iusefp.o(.text) for __I$use$fp
    printfa.o(i.__0printf) refers to printfa.o(i._printf_core) for _printf_core
    printfa.o(i.__0printf) refers to fputc.o(i.fputc) for fputc
    printfa.o(i.__0printf) refers to stdout.o(.data) for __stdout
    printfa.o(i.__0snprintf) refers (Special) to iusefp.o(.text) for __I$use$fp
    printfa.o(i.__0snprintf) refers to printfa.o(i._printf_core) for _printf_core
    printfa.o(i.__0snprintf) refers to printfa.o(i._snputc) for _snputc
    printfa.o(i.__0sprintf) refers (Special) to iusefp.o(.text) for __I$use$fp
    printfa.o(i.__0sprintf) refers to printfa.o(i._printf_core) for _printf_core
    printfa.o(i.__0sprintf) refers to printfa.o(i._sputc) for _sputc
    printfa.o(i.__0vfprintf) refers (Special) to iusefp.o(.text) for __I$use$fp
    printfa.o(i.__0vfprintf) refers to printfa.o(i._printf_core) for _printf_core
    printfa.o(i.__0vfprintf) refers to fputc.o(i.fputc) for fputc
    printfa.o(i.__0vprintf) refers (Special) to iusefp.o(.text) for __I$use$fp
    printfa.o(i.__0vprintf) refers to printfa.o(i._printf_core) for _printf_core
    printfa.o(i.__0vprintf) refers to fputc.o(i.fputc) for fputc
    printfa.o(i.__0vprintf) refers to stdout.o(.data) for __stdout
    printfa.o(i.__0vsnprintf) refers (Special) to iusefp.o(.text) for __I$use$fp
    printfa.o(i.__0vsnprintf) refers to printfa.o(i._printf_core) for _printf_core
    printfa.o(i.__0vsnprintf) refers to printfa.o(i._snputc) for _snputc
    printfa.o(i.__0vsprintf) refers (Special) to iusefp.o(.text) for __I$use$fp
    printfa.o(i.__0vsprintf) refers to printfa.o(i._printf_core) for _printf_core
    printfa.o(i.__0vsprintf) refers to printfa.o(i._sputc) for _sputc
    printfa.o(i._fp_digits) refers (Special) to iusefp.o(.text) for __I$use$fp
    printfa.o(i._fp_digits) refers to dmul.o(.text) for __aeabi_dmul
    printfa.o(i._fp_digits) refers to ddiv.o(.text) for __aeabi_ddiv
    printfa.o(i._fp_digits) refers to cdrcmple.o(.text) for __aeabi_cdrcmple
    printfa.o(i._fp_digits) refers to dadd.o(.text) for __aeabi_dadd
    printfa.o(i._fp_digits) refers to dfixul.o(.text) for __aeabi_d2ulz
    printfa.o(i._fp_digits) refers to uldiv.o(.text) for __aeabi_uldivmod
    printfa.o(i._printf_core) refers (Special) to iusefp.o(.text) for __I$use$fp
    printfa.o(i._printf_core) refers to printfa.o(i._printf_pre_padding) for _printf_pre_padding
    printfa.o(i._printf_core) refers to uldiv.o(.text) for __aeabi_uldivmod
    printfa.o(i._printf_core) refers to printfa.o(i._printf_post_padding) for _printf_post_padding
    printfa.o(i._printf_core) refers to printfa.o(i._fp_digits) for _fp_digits
    printfa.o(i._printf_core) refers to uidiv.o(.text) for __aeabi_uidivmod
    printfa.o(i._printf_post_padding) refers (Special) to iusefp.o(.text) for __I$use$fp
    printfa.o(i._printf_pre_padding) refers (Special) to iusefp.o(.text) for __I$use$fp
    printfa.o(i._snputc) refers (Special) to iusefp.o(.text) for __I$use$fp
    printfa.o(i._sputc) refers (Special) to iusefp.o(.text) for __I$use$fp
    entry2.o(.ARM.Collect$$$$00000001) refers to entry2.o(.ARM.Collect$$$$00002712) for __lit__00000000
    entry2.o(.ARM.Collect$$$$00002712) refers to startup_stm32f413xx.o(STACK) for __initial_sp
    entry2.o(__vectab_stack_and_reset_area) refers to startup_stm32f413xx.o(STACK) for __initial_sp
    entry2.o(__vectab_stack_and_reset_area) refers to entry.o(.ARM.Collect$$$$00000000) for __main
    entry5.o(.ARM.Collect$$$$00000004) refers to init.o(.text) for __scatterload
    entry9a.o(.ARM.Collect$$$$0000000B) refers to 9_led_blinking_usart2_tx_rx.o(.text.main) for main
    entry9b.o(.ARM.Collect$$$$0000000C) refers to 9_led_blinking_usart2_tx_rx.o(.text.main) for main
    fputc.o(i.fputc) refers (Special) to iusesemip.o(.text) for __I$use$semihosting$fputc
    fputc.o(i.fputc) refers (Special) to semi.o(.text) for __semihosting_library_function
    fputc_h.o(i._fputc$hlt) refers (Special) to iusesemip.o(.text) for __I$use$semihosting$fputc
    fputc_h.o(i._fputc$hlt) refers (Special) to semi.o(.text) for __semihosting_library_function
    uldiv.o(.text) refers to llushr.o(.text) for __aeabi_llsr
    uldiv.o(.text) refers to llshl.o(.text) for __aeabi_llsl
    dadd.o(.text) refers (Special) to iusefp.o(.text) for __I$use$fp
    dadd.o(.text) refers to llshl.o(.text) for __aeabi_llsl
    dadd.o(.text) refers to llsshr.o(.text) for __aeabi_lasr
    dadd.o(.text) refers to depilogue.o(.text) for _double_epilogue
    dmul.o(.text) refers (Special) to iusefp.o(.text) for __I$use$fp
    dmul.o(.text) refers to depilogue.o(.text) for _double_epilogue
    ddiv.o(.text) refers (Special) to iusefp.o(.text) for __I$use$fp
    ddiv.o(.text) refers to depilogue.o(.text) for _double_round
    dfixul.o(.text) refers (Special) to iusefp.o(.text) for __I$use$fp
    dfixul.o(.text) refers to llushr.o(.text) for __aeabi_llsr
    dfixul.o(.text) refers to llshl.o(.text) for __aeabi_llsl
    cdrcmple.o(.text) refers (Special) to iusefp.o(.text) for __I$use$fp
    init.o(.text) refers to entry5.o(.ARM.Collect$$$$00000004) for __main_after_scatterload
    depilogue.o(.text) refers (Special) to iusefp.o(.text) for __I$use$fp
    depilogue.o(.text) refers to llshl.o(.text) for __aeabi_llsl
    depilogue.o(.text) refers to llushr.o(.text) for __aeabi_llsr


==============================================================================

Removing Unused input sections from the image.

    Removing 9_led_blinking_usart2_tx_rx.o(.text), (0 bytes).
    Removing 9_led_blinking_usart2_tx_rx.o(.ARM.exidx.text.main), (8 bytes).
    Removing 9_led_blinking_usart2_tx_rx.o(.ARM.exidx.text.init), (8 bytes).
    Removing 9_led_blinking_usart2_tx_rx.o(.ARM.exidx.text.scrivi_stringa), (8 bytes).
    Removing 9_led_blinking_usart2_tx_rx.o(.ARM.exidx.text.stampa_intestazione), (8 bytes).
    Removing 9_led_blinking_usart2_tx_rx.o(.ARM.exidx.text.gestisci_menu_frequenza), (8 bytes).
    Removing 9_led_blinking_usart2_tx_rx.o(.ARM.exidx.text.Gestione_Sniffer_CAN), (8 bytes).
    Removing 9_led_blinking_usart2_tx_rx.o(.ARM.exidx.text.scrivi_char), (8 bytes).
    Removing 9_led_blinking_usart2_tx_rx.o(.ARM.exidx.text.leggi_numero_hex), (8 bytes).
    Removing 9_led_blinking_usart2_tx_rx.o(.ARM.exidx.text.set_clock_80MHz), (8 bytes).
    Removing 9_led_blinking_usart2_tx_rx.o(.ARM.exidx.text.set_clock_16MHz), (8 bytes).
    Removing startup_stm32f413xx.o(HEAP), (512 bytes).

12 unused section(s) (total 592 bytes) removed from the image.

==============================================================================

Image Symbol Table

    Local Symbols

    Symbol Name                              Value     Ov Type        Size  Object(Section)

    ../clib/microlib/division.c              0x00000000   Number         0  uidiv.o ABSOLUTE
    ../clib/microlib/division.c              0x00000000   Number         0  uldiv.o ABSOLUTE
    ../clib/microlib/init/entry.s            0x00000000   Number         0  entry.o ABSOLUTE
    ../clib/microlib/init/entry.s            0x00000000   Number         0  entry2.o ABSOLUTE
    ../clib/microlib/init/entry.s            0x00000000   Number         0  entry5.o ABSOLUTE
    ../clib/microlib/init/entry.s            0x00000000   Number         0  entry7a.o ABSOLUTE
    ../clib/microlib/init/entry.s            0x00000000   Number         0  entry7b.o ABSOLUTE
    ../clib/microlib/init/entry.s            0x00000000   Number         0  entry8a.o ABSOLUTE
    ../clib/microlib/init/entry.s            0x00000000   Number         0  entry8b.o ABSOLUTE
    ../clib/microlib/init/entry.s            0x00000000   Number         0  entry9a.o ABSOLUTE
    ../clib/microlib/init/entry.s            0x00000000   Number         0  entry9b.o ABSOLUTE
    ../clib/microlib/init/entry.s            0x00000000   Number         0  entry10a.o ABSOLUTE
    ../clib/microlib/init/entry.s            0x00000000   Number         0  entry10b.o ABSOLUTE
    ../clib/microlib/init/entry.s            0x00000000   Number         0  entry11a.o ABSOLUTE
    ../clib/microlib/init/entry.s            0x00000000   Number         0  entry11b.o ABSOLUTE
    ../clib/microlib/longlong.c              0x00000000   Number         0  llshl.o ABSOLUTE
    ../clib/microlib/longlong.c              0x00000000   Number         0  llushr.o ABSOLUTE
    ../clib/microlib/longlong.c              0x00000000   Number         0  llsshr.o ABSOLUTE
    ../clib/microlib/printf/printf.c         0x00000000   Number         0  printfa.o ABSOLUTE
    ../clib/microlib/stdio/fputc.c           0x00000000   Number         0  fputc.o ABSOLUTE
    ../clib/microlib/stdio/fputc.c           0x00000000   Number         0  fputc_h.o ABSOLUTE
    ../clib/microlib/stdio/semi.s            0x00000000   Number         0  semi.o ABSOLUTE
    ../clib/microlib/stdio/streams.c         0x00000000   Number         0  stdout.o ABSOLUTE
    ../clib/microlib/stubs.s                 0x00000000   Number         0  iusefp.o ABSOLUTE
    ../clib/microlib/stubs.s                 0x00000000   Number         0  iusesemip.o ABSOLUTE
    ../fplib/microlib/fpadd.c                0x00000000   Number         0  dadd.o ABSOLUTE
    ../fplib/microlib/fpdiv.c                0x00000000   Number         0  ddiv.o ABSOLUTE
    ../fplib/microlib/fpepilogue.c           0x00000000   Number         0  depilogue.o ABSOLUTE
    ../fplib/microlib/fpfix.c                0x00000000   Number         0  dfixul.o ABSOLUTE
    ../fplib/microlib/fpmul.c                0x00000000   Number         0  dmul.o ABSOLUTE
    9_Led_Blinking_USART2_TX_RX.c            0x00000000   Number         0  9_led_blinking_usart2_tx_rx.o ABSOLUTE
    cdrcmple.s                               0x00000000   Number         0  cdrcmple.o ABSOLUTE
    dc.s                                     0x00000000   Number         0  dc.o ABSOLUTE
    handlers.s                               0x00000000   Number         0  handlers.o ABSOLUTE
    init.s                                   0x00000000   Number         0  init.o ABSOLUTE
    startup_stm32f413xx.s                    0x00000000   Number         0  startup_stm32f413xx.o ABSOLUTE
    RESET                                    0x08000000   Section      472  startup_stm32f413xx.o(RESET)
    .ARM.Collect$$$$00000000                 0x080001d8   Section        0  entry.o(.ARM.Collect$$$$00000000)
    .ARM.Collect$$$$00000001                 0x080001d8   Section        4  entry2.o(.ARM.Collect$$$$00000001)
    .ARM.Collect$$$$00000004                 0x080001dc   Section        4  entry5.o(.ARM.Collect$$$$00000004)
    .ARM.Collect$$$$00000008                 0x080001e0   Section        0  entry7b.o(.ARM.Collect$$$$00000008)
    .ARM.Collect$$$$0000000A                 0x080001e0   Section        0  entry8b.o(.ARM.Collect$$$$0000000A)
    .ARM.Collect$$$$0000000B                 0x080001e0   Section        8  entry9a.o(.ARM.Collect$$$$0000000B)
    __lit__00000000                          0x080001e8   Data           4  entry2.o(.ARM.Collect$$$$00002712)
    .ARM.Collect$$$$0000000D                 0x080001e8   Section        0  entry10a.o(.ARM.Collect$$$$0000000D)
    .ARM.Collect$$$$0000000F                 0x080001e8   Section        0  entry11a.o(.ARM.Collect$$$$0000000F)
    .ARM.Collect$$$$00002712                 0x080001e8   Section        4  entry2.o(.ARM.Collect$$$$00002712)
    $v0                                      0x080001ec   Number         0  startup_stm32f413xx.o(.text)
    .text                                    0x080001ec   Section       28  startup_stm32f413xx.o(.text)
    .text                                    0x08000208   Section        0  uidiv.o(.text)
    .text                                    0x08000234   Section        0  uldiv.o(.text)
    .text                                    0x08000296   Section        0  iusefp.o(.text)
    .text                                    0x08000296   Section        0  dadd.o(.text)
    .text                                    0x080003e4   Section        0  dmul.o(.text)
    .text                                    0x080004c8   Section        0  ddiv.o(.text)
    .text                                    0x080005a6   Section        0  dfixul.o(.text)
    .text                                    0x080005d8   Section       48  cdrcmple.o(.text)
    .text                                    0x08000608   Section       36  init.o(.text)
    .text                                    0x0800062c   Section        0  llshl.o(.text)
    .text                                    0x0800064a   Section        0  llushr.o(.text)
    .text                                    0x0800066a   Section        0  llsshr.o(.text)
    .text                                    0x0800068e   Section        0  depilogue.o(.text)
    [Anonymous Symbol]                       0x08000748   Section        0  9_led_blinking_usart2_tx_rx.o(.text.Gestione_Sniffer_CAN)
    [Anonymous Symbol]                       0x08000b18   Section        0  9_led_blinking_usart2_tx_rx.o(.text.gestisci_menu_frequenza)
    [Anonymous Symbol]                       0x08000bc4   Section        0  9_led_blinking_usart2_tx_rx.o(.text.init)
    [Anonymous Symbol]                       0x08000c40   Section        0  9_led_blinking_usart2_tx_rx.o(.text.leggi_numero_hex)
    [Anonymous Symbol]                       0x08000d50   Section        0  9_led_blinking_usart2_tx_rx.o(.text.main)
    [Anonymous Symbol]                       0x08000dd8   Section        0  9_led_blinking_usart2_tx_rx.o(.text.scrivi_char)
    [Anonymous Symbol]                       0x08000e08   Section        0  9_led_blinking_usart2_tx_rx.o(.text.scrivi_stringa)
    [Anonymous Symbol]                       0x08000e2c   Section        0  9_led_blinking_usart2_tx_rx.o(.text.set_clock_16MHz)
    [Anonymous Symbol]                       0x08000e90   Section        0  9_led_blinking_usart2_tx_rx.o(.text.set_clock_80MHz)
    [Anonymous Symbol]                       0x08000f4c   Section        0  9_led_blinking_usart2_tx_rx.o(.text.stampa_intestazione)
    i.__0sprintf                             0x08000f98   Section        0  printfa.o(i.__0sprintf)
    i.__scatterload_copy                     0x08000fc0   Section       14  handlers.o(i.__scatterload_copy)
    i.__scatterload_null                     0x08000fce   Section        2  handlers.o(i.__scatterload_null)
    i.__scatterload_zeroinit                 0x08000fd0   Section       14  handlers.o(i.__scatterload_zeroinit)
    _fp_digits                               0x08000fe1   Thumb Code   366  printfa.o(i._fp_digits)
    i._fp_digits                             0x08000fe0   Section        0  printfa.o(i._fp_digits)
    _printf_core                             0x08001165   Thumb Code  1744  printfa.o(i._printf_core)
    i._printf_core                           0x08001164   Section        0  printfa.o(i._printf_core)
    _printf_post_padding                     0x08001841   Thumb Code    36  printfa.o(i._printf_post_padding)
    i._printf_post_padding                   0x08001840   Section        0  printfa.o(i._printf_post_padding)
    _printf_pre_padding                      0x08001865   Thumb Code    46  printfa.o(i._printf_pre_padding)
    i._printf_pre_padding                    0x08001864   Section        0  printfa.o(i._printf_pre_padding)
    _sputc                                   0x08001893   Thumb Code    10  printfa.o(i._sputc)
    i._sputc                                 0x08001892   Section        0  printfa.o(i._sputc)
    .L.str.21                                0x0800189c   Data          21  9_led_blinking_usart2_tx_rx.o(.rodata.str1.1)
    [Anonymous Symbol]                       0x0800189c   Section        0  9_led_blinking_usart2_tx_rx.o(.rodata.str1.1)
    .L.str.9                                 0x080018b1   Data          42  9_led_blinking_usart2_tx_rx.o(.rodata.str1.1)
    .L.str.16                                0x080018db   Data          35  9_led_blinking_usart2_tx_rx.o(.rodata.str1.1)
    .L.str.11                                0x080018fe   Data          50  9_led_blinking_usart2_tx_rx.o(.rodata.str1.1)
    .L.str.12                                0x08001930   Data          41  9_led_blinking_usart2_tx_rx.o(.rodata.str1.1)
    .L.str.10                                0x08001959   Data          36  9_led_blinking_usart2_tx_rx.o(.rodata.str1.1)
    .L.str.15                                0x0800197d   Data          25  9_led_blinking_usart2_tx_rx.o(.rodata.str1.1)
    .L.str.22                                0x08001996   Data          21  9_led_blinking_usart2_tx_rx.o(.rodata.str1.1)
    .L.str.2                                 0x080019a8   Data           3  9_led_blinking_usart2_tx_rx.o(.rodata.str1.1)
    .L.str                                   0x080019ab   Data          27  9_led_blinking_usart2_tx_rx.o(.rodata.str1.1)
    .L.str.3                                 0x080019c6   Data          27  9_led_blinking_usart2_tx_rx.o(.rodata.str1.1)
    .L.str.1                                 0x080019e1   Data          26  9_led_blinking_usart2_tx_rx.o(.rodata.str1.1)
    .L.str.8                                 0x080019fb   Data          17  9_led_blinking_usart2_tx_rx.o(.rodata.str1.1)
    .L.str.7                                 0x08001a0c   Data          17  9_led_blinking_usart2_tx_rx.o(.rodata.str1.1)
    .L.str.4                                 0x08001a1d   Data          17  9_led_blinking_usart2_tx_rx.o(.rodata.str1.1)
    .L.str.17                                0x08001a2e   Data          29  9_led_blinking_usart2_tx_rx.o(.rodata.str1.1)
    .L.str.18                                0x08001a4b   Data          22  9_led_blinking_usart2_tx_rx.o(.rodata.str1.1)
    .L.str.19                                0x08001a61   Data          26  9_led_blinking_usart2_tx_rx.o(.rodata.str1.1)
    .L.str.20                                0x08001a7b   Data          27  9_led_blinking_usart2_tx_rx.o(.rodata.str1.1)
    .L.str.5                                 0x08001a96   Data          29  9_led_blinking_usart2_tx_rx.o(.rodata.str1.1)
    .L.str.6                                 0x08001ab3   Data          25  9_led_blinking_usart2_tx_rx.o(.rodata.str1.1)
    .L.str.14                                0x08001acc   Data          10  9_led_blinking_usart2_tx_rx.o(.rodata.str1.1)
    .L.str.13                                0x08001ad6   Data          10  9_led_blinking_usart2_tx_rx.o(.rodata.str1.1)
    buffer_invio                             0x20000008   Data         100  9_led_blinking_usart2_tx_rx.o(.bss.buffer_invio)
    [Anonymous Symbol]                       0x20000008   Section        0  9_led_blinking_usart2_tx_rx.o(.bss.buffer_invio)
    STACK                                    0x200000d0   Section     1024  startup_stm32f413xx.o(STACK)

    Global Symbols

    Symbol Name                              Value     Ov Type        Size  Object(Section)

    BuildAttributes$$THM_ISAv4$E$P$D$K$B$S$7EM$VFPi3$EXTD16$VFPS$VFMA$PE$A:L22UL41UL21$X:L11$S22US41US21$IEEE1$IW$~IW$USESV6$~STKCKD$USESV7$~SHL$OSPACE$ROPI$EBA8$MICROLIB$REQ8$PRES8$EABIv2 0x00000000   Number         0  anon$$obj.o ABSOLUTE
    __cpp_initialize__aeabi_                  - Undefined Weak Reference
    __cxa_finalize                            - Undefined Weak Reference
    __decompress                              - Undefined Weak Reference
    _clock_init                               - Undefined Weak Reference
    _microlib_exit                            - Undefined Weak Reference
    __Vectors_Size                           0x000001d8   Number         0  startup_stm32f413xx.o ABSOLUTE
    __Vectors                                0x08000000   Data           4  startup_stm32f413xx.o(RESET)
    __Vectors_End                            0x080001d8   Data           0  startup_stm32f413xx.o(RESET)
    __main                                   0x080001d9   Thumb Code     0  entry.o(.ARM.Collect$$$$00000000)
    _main_stk                                0x080001d9   Thumb Code     0  entry2.o(.ARM.Collect$$$$00000001)
    _main_scatterload                        0x080001dd   Thumb Code     0  entry5.o(.ARM.Collect$$$$00000004)
    __main_after_scatterload                 0x080001e1   Thumb Code     0  entry5.o(.ARM.Collect$$$$00000004)
    _main_clock                              0x080001e1   Thumb Code     0  entry7b.o(.ARM.Collect$$$$00000008)
    _main_cpp_init                           0x080001e1   Thumb Code     0  entry8b.o(.ARM.Collect$$$$0000000A)
    _main_init                               0x080001e1   Thumb Code     0  entry9a.o(.ARM.Collect$$$$0000000B)
    __rt_final_cpp                           0x080001e9   Thumb Code     0  entry10a.o(.ARM.Collect$$$$0000000D)
    __rt_final_exit                          0x080001e9   Thumb Code     0  entry11a.o(.ARM.Collect$$$$0000000F)
    Reset_Handler                            0x080001ed   Thumb Code     4  startup_stm32f413xx.o(.text)
    NMI_Handler                              0x080001f1   Thumb Code     2  startup_stm32f413xx.o(.text)
    HardFault_Handler                        0x080001f3   Thumb Code     2  startup_stm32f413xx.o(.text)
    MemManage_Handler                        0x080001f5   Thumb Code     2  startup_stm32f413xx.o(.text)
    BusFault_Handler                         0x080001f7   Thumb Code     2  startup_stm32f413xx.o(.text)
    UsageFault_Handler                       0x080001f9   Thumb Code     2  startup_stm32f413xx.o(.text)
    SVC_Handler                              0x080001fb   Thumb Code     2  startup_stm32f413xx.o(.text)
    DebugMon_Handler                         0x080001fd   Thumb Code     2  startup_stm32f413xx.o(.text)
    PendSV_Handler                           0x080001ff   Thumb Code     2  startup_stm32f413xx.o(.text)
    SysTick_Handler                          0x08000201   Thumb Code     2  startup_stm32f413xx.o(.text)
    ADC_IRQHandler                           0x08000203   Thumb Code     0  startup_stm32f413xx.o(.text)
    AES_IRQHandler                           0x08000203   Thumb Code     0  startup_stm32f413xx.o(.text)
    CAN1_RX0_IRQHandler                      0x08000203   Thumb Code     0  startup_stm32f413xx.o(.text)
    CAN1_RX1_IRQHandler                      0x08000203   Thumb Code     0  startup_stm32f413xx.o(.text)
    CAN1_SCE_IRQHandler                      0x08000203   Thumb Code     0  startup_stm32f413xx.o(.text)
    CAN1_TX_IRQHandler                       0x08000203   Thumb Code     0  startup_stm32f413xx.o(.text)
    CAN2_RX0_IRQHandler                      0x08000203   Thumb Code     0  startup_stm32f413xx.o(.text)
    CAN2_RX1_IRQHandler                      0x08000203   Thumb Code     0  startup_stm32f413xx.o(.text)
    CAN2_SCE_IRQHandler                      0x08000203   Thumb Code     0  startup_stm32f413xx.o(.text)
    CAN2_TX_IRQHandler                       0x08000203   Thumb Code     0  startup_stm32f413xx.o(.text)
    CAN3_RX0_IRQHandler                      0x08000203   Thumb Code     0  startup_stm32f413xx.o(.text)
    CAN3_RX1_IRQHandler                      0x08000203   Thumb Code     0  startup_stm32f413xx.o(.text)
    CAN3_SCE_IRQHandler                      0x08000203   Thumb Code     0  startup_stm32f413xx.o(.text)
    CAN3_TX_IRQHandler                       0x08000203   Thumb Code     0  startup_stm32f413xx.o(.text)
    DFSDM1_FLT0_IRQHandler                   0x08000203   Thumb Code     0  startup_stm32f413xx.o(.text)
    DFSDM1_FLT1_IRQHandler                   0x08000203   Thumb Code     0  startup_stm32f413xx.o(.text)
    DFSDM2_FLT0_IRQHandler                   0x08000203   Thumb Code     0  startup_stm32f413xx.o(.text)
    DFSDM2_FLT1_IRQHandler                   0x08000203   Thumb Code     0  startup_stm32f413xx.o(.text)
    DFSDM2_FLT2_IRQHandler                   0x08000203   Thumb Code     0  startup_stm32f413xx.o(.text)
    DFSDM2_FLT3_IRQHandler                   0x08000203   Thumb Code     0  startup_stm32f413xx.o(.text)
    DMA1_Stream0_IRQHandler                  0x08000203   Thumb Code     0  startup_stm32f413xx.o(.text)
    DMA1_Stream1_IRQHandler                  0x08000203   Thumb Code     0  startup_stm32f413xx.o(.text)
    DMA1_Stream2_IRQHandler                  0x08000203   Thumb Code     0  startup_stm32f413xx.o(.text)
    DMA1_Stream3_IRQHandler                  0x08000203   Thumb Code     0  startup_stm32f413xx.o(.text)
    DMA1_Stream4_IRQHandler                  0x08000203   Thumb Code     0  startup_stm32f413xx.o(.text)
    DMA1_Stream5_IRQHandler                  0x08000203   Thumb Code     0  startup_stm32f413xx.o(.text)
    DMA1_Stream6_IRQHandler                  0x08000203   Thumb Code     0  startup_stm32f413xx.o(.text)
    DMA1_Stream7_IRQHandler                  0x08000203   Thumb Code     0  startup_stm32f413xx.o(.text)
    DMA2_Stream0_IRQHandler                  0x08000203   Thumb Code     0  startup_stm32f413xx.o(.text)
    DMA2_Stream1_IRQHandler                  0x08000203   Thumb Code     0  startup_stm32f413xx.o(.text)
    DMA2_Stream2_IRQHandler                  0x08000203   Thumb Code     0  startup_stm32f413xx.o(.text)
    DMA2_Stream3_IRQHandler                  0x08000203   Thumb Code     0  startup_stm32f413xx.o(.text)
    DMA2_Stream4_IRQHandler                  0x08000203   Thumb Code     0  startup_stm32f413xx.o(.text)
    DMA2_Stream5_IRQHandler                  0x08000203   Thumb Code     0  startup_stm32f413xx.o(.text)
    DMA2_Stream6_IRQHandler                  0x08000203   Thumb Code     0  startup_stm32f413xx.o(.text)
    DMA2_Stream7_IRQHandler                  0x08000203   Thumb Code     0  startup_stm32f413xx.o(.text)
    EXTI0_IRQHandler                         0x08000203   Thumb Code     0  startup_stm32f413xx.o(.text)
    EXTI15_10_IRQHandler                     0x08000203   Thumb Code     0  startup_stm32f413xx.o(.text)
    EXTI1_IRQHandler                         0x08000203   Thumb Code     0  startup_stm32f413xx.o(.text)
    EXTI2_IRQHandler                         0x08000203   Thumb Code     0  startup_stm32f413xx.o(.text)
    EXTI3_IRQHandler                         0x08000203   Thumb Code     0  startup_stm32f413xx.o(.text)
    EXTI4_IRQHandler                         0x08000203   Thumb Code     0  startup_stm32f413xx.o(.text)
    EXTI9_5_IRQHandler                       0x08000203   Thumb Code     0  startup_stm32f413xx.o(.text)
    FLASH_IRQHandler                         0x08000203   Thumb Code     0  startup_stm32f413xx.o(.text)
    FMPI2C1_ER_IRQHandler                    0x08000203   Thumb Code     0  startup_stm32f413xx.o(.text)
    FMPI2C1_EV_IRQHandler                    0x08000203   Thumb Code     0  startup_stm32f413xx.o(.text)
    FPU_IRQHandler                           0x08000203   Thumb Code     0  startup_stm32f413xx.o(.text)
    FSMC_IRQHandler                          0x08000203   Thumb Code     0  startup_stm32f413xx.o(.text)
    I2C1_ER_IRQHandler                       0x08000203   Thumb Code     0  startup_stm32f413xx.o(.text)
    I2C1_EV_IRQHandler                       0x08000203   Thumb Code     0  startup_stm32f413xx.o(.text)
    I2C2_ER_IRQHandler                       0x08000203   Thumb Code     0  startup_stm32f413xx.o(.text)
    I2C2_EV_IRQHandler                       0x08000203   Thumb Code     0  startup_stm32f413xx.o(.text)
    I2C3_ER_IRQHandler                       0x08000203   Thumb Code     0  startup_stm32f413xx.o(.text)
    I2C3_EV_IRQHandler                       0x08000203   Thumb Code     0  startup_stm32f413xx.o(.text)
    LPTIM1_IRQHandler                        0x08000203   Thumb Code     0  startup_stm32f413xx.o(.text)
    OTG_FS_IRQHandler                        0x08000203   Thumb Code     0  startup_stm32f413xx.o(.text)
    OTG_FS_WKUP_IRQHandler                   0x08000203   Thumb Code     0  startup_stm32f413xx.o(.text)
    PVD_IRQHandler                           0x08000203   Thumb Code     0  startup_stm32f413xx.o(.text)
    QUADSPI_IRQHandler                       0x08000203   Thumb Code     0  startup_stm32f413xx.o(.text)
    RCC_IRQHandler                           0x08000203   Thumb Code     0  startup_stm32f413xx.o(.text)
    RNG_IRQHandler                           0x08000203   Thumb Code     0  startup_stm32f413xx.o(.text)
    RTC_Alarm_IRQHandler                     0x08000203   Thumb Code     0  startup_stm32f413xx.o(.text)
    RTC_WKUP_IRQHandler                      0x08000203   Thumb Code     0  startup_stm32f413xx.o(.text)
    SAI1_IRQHandler                          0x08000203   Thumb Code     0  startup_stm32f413xx.o(.text)
    SDIO_IRQHandler                          0x08000203   Thumb Code     0  startup_stm32f413xx.o(.text)
    SPI1_IRQHandler                          0x08000203   Thumb Code     0  startup_stm32f413xx.o(.text)
    SPI2_IRQHandler                          0x08000203   Thumb Code     0  startup_stm32f413xx.o(.text)
    SPI3_IRQHandler                          0x08000203   Thumb Code     0  startup_stm32f413xx.o(.text)
    SPI4_IRQHandler                          0x08000203   Thumb Code     0  startup_stm32f413xx.o(.text)
    SPI5_IRQHandler                          0x08000203   Thumb Code     0  startup_stm32f413xx.o(.text)
    TAMP_STAMP_IRQHandler                    0x08000203   Thumb Code     0  startup_stm32f413xx.o(.text)
    TIM1_BRK_TIM9_IRQHandler                 0x08000203   Thumb Code     0  startup_stm32f413xx.o(.text)
    TIM1_CC_IRQHandler                       0x08000203   Thumb Code     0  startup_stm32f413xx.o(.text)
    TIM1_TRG_COM_TIM11_IRQHandler            0x08000203   Thumb Code     0  startup_stm32f413xx.o(.text)
    TIM1_UP_TIM10_IRQHandler                 0x08000203   Thumb Code     0  startup_stm32f413xx.o(.text)
    TIM2_IRQHandler                          0x08000203   Thumb Code     0  startup_stm32f413xx.o(.text)
    TIM3_IRQHandler                          0x08000203   Thumb Code     0  startup_stm32f413xx.o(.text)
    TIM4_IRQHandler                          0x08000203   Thumb Code     0  startup_stm32f413xx.o(.text)
    TIM5_IRQHandler                          0x08000203   Thumb Code     0  startup_stm32f413xx.o(.text)
    TIM6_DAC_IRQHandler                      0x08000203   Thumb Code     0  startup_stm32f413xx.o(.text)
    TIM7_IRQHandler                          0x08000203   Thumb Code     0  startup_stm32f413xx.o(.text)
    TIM8_BRK_TIM12_IRQHandler                0x08000203   Thumb Code     0  startup_stm32f413xx.o(.text)
    TIM8_CC_IRQHandler                       0x08000203   Thumb Code     0  startup_stm32f413xx.o(.text)
    TIM8_TRG_COM_TIM14_IRQHandler            0x08000203   Thumb Code     0  startup_stm32f413xx.o(.text)
    TIM8_UP_TIM13_IRQHandler                 0x08000203   Thumb Code     0  startup_stm32f413xx.o(.text)
    UART10_IRQHandler                        0x08000203   Thumb Code     0  startup_stm32f413xx.o(.text)
    UART4_IRQHandler                         0x08000203   Thumb Code     0  startup_stm32f413xx.o(.text)
    UART5_IRQHandler                         0x08000203   Thumb Code     0  startup_stm32f413xx.o(.text)
    UART7_IRQHandler                         0x08000203   Thumb Code     0  startup_stm32f413xx.o(.text)
    UART8_IRQHandler                         0x08000203   Thumb Code     0  startup_stm32f413xx.o(.text)
    UART9_IRQHandler                         0x08000203   Thumb Code     0  startup_stm32f413xx.o(.text)
    USART1_IRQHandler                        0x08000203   Thumb Code     0  startup_stm32f413xx.o(.text)
    USART2_IRQHandler                        0x08000203   Thumb Code     0  startup_stm32f413xx.o(.text)
    USART3_IRQHandler                        0x08000203   Thumb Code     0  startup_stm32f413xx.o(.text)
    USART6_IRQHandler                        0x08000203   Thumb Code     0  startup_stm32f413xx.o(.text)
    WWDG_IRQHandler                          0x08000203   Thumb Code     0  startup_stm32f413xx.o(.text)
    __aeabi_uidiv                            0x08000209   Thumb Code     0  uidiv.o(.text)
    __aeabi_uidivmod                         0x08000209   Thumb Code    44  uidiv.o(.text)
    __aeabi_uldivmod                         0x08000235   Thumb Code    98  uldiv.o(.text)
    __I$use$fp                               0x08000297   Thumb Code     0  iusefp.o(.text)
    __aeabi_dadd                             0x08000297   Thumb Code   322  dadd.o(.text)
    __aeabi_dsub                             0x080003d9   Thumb Code     6  dadd.o(.text)
    __aeabi_drsub                            0x080003df   Thumb Code     6  dadd.o(.text)
    __aeabi_dmul                             0x080003e5   Thumb Code   228  dmul.o(.text)
    __aeabi_ddiv                             0x080004c9   Thumb Code   222  ddiv.o(.text)
    __aeabi_d2ulz                            0x080005a7   Thumb Code    48  dfixul.o(.text)
    __aeabi_cdrcmple                         0x080005d9   Thumb Code    48  cdrcmple.o(.text)
    __scatterload                            0x08000609   Thumb Code    28  init.o(.text)
    __scatterload_rt2                        0x08000609   Thumb Code     0  init.o(.text)
    __aeabi_llsl                             0x0800062d   Thumb Code    30  llshl.o(.text)
    _ll_shift_l                              0x0800062d   Thumb Code     0  llshl.o(.text)
    __aeabi_llsr                             0x0800064b   Thumb Code    32  llushr.o(.text)
    _ll_ushift_r                             0x0800064b   Thumb Code     0  llushr.o(.text)
    __aeabi_lasr                             0x0800066b   Thumb Code    36  llsshr.o(.text)
    _ll_sshift_r                             0x0800066b   Thumb Code     0  llsshr.o(.text)
    _double_round                            0x0800068f   Thumb Code    30  depilogue.o(.text)
    _double_epilogue                         0x080006ad   Thumb Code   156  depilogue.o(.text)
    Gestione_Sniffer_CAN                     0x08000749   Thumb Code   974  9_led_blinking_usart2_tx_rx.o(.text.Gestione_Sniffer_CAN)
    gestisci_menu_frequenza                  0x08000b19   Thumb Code   170  9_led_blinking_usart2_tx_rx.o(.text.gestisci_menu_frequenza)
    init                                     0x08000bc5   Thumb Code   122  9_led_blinking_usart2_tx_rx.o(.text.init)
    leggi_numero_hex                         0x08000c41   Thumb Code   270  9_led_blinking_usart2_tx_rx.o(.text.leggi_numero_hex)
    main                                     0x08000d51   Thumb Code   136  9_led_blinking_usart2_tx_rx.o(.text.main)
    scrivi_char                              0x08000dd9   Thumb Code    48  9_led_blinking_usart2_tx_rx.o(.text.scrivi_char)
    scrivi_stringa                           0x08000e09   Thumb Code    36  9_led_blinking_usart2_tx_rx.o(.text.scrivi_stringa)
    set_clock_16MHz                          0x08000e2d   Thumb Code    98  9_led_blinking_usart2_tx_rx.o(.text.set_clock_16MHz)
    set_clock_80MHz                          0x08000e91   Thumb Code   186  9_led_blinking_usart2_tx_rx.o(.text.set_clock_80MHz)
    stampa_intestazione                      0x08000f4d   Thumb Code    74  9_led_blinking_usart2_tx_rx.o(.text.stampa_intestazione)
    __0sprintf                               0x08000f99   Thumb Code    34  printfa.o(i.__0sprintf)
    __1sprintf                               0x08000f99   Thumb Code     0  printfa.o(i.__0sprintf)
    __2sprintf                               0x08000f99   Thumb Code     0  printfa.o(i.__0sprintf)
    __c89sprintf                             0x08000f99   Thumb Code     0  printfa.o(i.__0sprintf)
    sprintf                                  0x08000f99   Thumb Code     0  printfa.o(i.__0sprintf)
    __scatterload_copy                       0x08000fc1   Thumb Code    14  handlers.o(i.__scatterload_copy)
    __scatterload_null                       0x08000fcf   Thumb Code     2  handlers.o(i.__scatterload_null)
    __scatterload_zeroinit                   0x08000fd1   Thumb Code    14  handlers.o(i.__scatterload_zeroinit)
    Region$$Table$$Base                      0x08001ae0   Number         0  anon$$obj.o(Region$$Table)
    Region$$Table$$Limit                     0x08001b00   Number         0  anon$$obj.o(Region$$Table)
    current_cpu_freq                         0x20000000   Data           4  9_led_blinking_usart2_tx_rx.o(.data.current_cpu_freq)
    menu_buffer                              0x2000006c   Data         100  9_led_blinking_usart2_tx_rx.o(.bss.menu_buffer)
    __initial_sp                             0x200004d0   Data           0  startup_stm32f413xx.o(STACK)



==============================================================================

Memory Map of the image

  Image Entry point : 0x080001d9

  Load Region LR_IROM1 (Base: 0x08000000, Size: 0x00001b08, Max: 0x00100000, ABSOLUTE)

    Execution Region ER_IROM1 (Exec base: 0x08000000, Load base: 0x08000000, Size: 0x00001b00, Max: 0x00100000, ABSOLUTE)

    Exec Addr    Load Addr    Size         Type   Attr      Idx    E Section Name        Object

    0x08000000   0x08000000   0x000001d8   Data   RO           34    RESET               startup_stm32f413xx.o
    0x080001d8   0x080001d8   0x00000000   Code   RO           41  * .ARM.Collect$$$$00000000  mc_w.l(entry.o)
    0x080001d8   0x080001d8   0x00000004   Code   RO           72    .ARM.Collect$$$$00000001  mc_w.l(entry2.o)
    0x080001dc   0x080001dc   0x00000004   Code   RO           75    .ARM.Collect$$$$00000004  mc_w.l(entry5.o)
    0x080001e0   0x080001e0   0x00000000   Code   RO           77    .ARM.Collect$$$$00000008  mc_w.l(entry7b.o)
    0x080001e0   0x080001e0   0x00000000   Code   RO           79    .ARM.Collect$$$$0000000A  mc_w.l(entry8b.o)
    0x080001e0   0x080001e0   0x00000008   Code   RO           80    .ARM.Collect$$$$0000000B  mc_w.l(entry9a.o)
    0x080001e8   0x080001e8   0x00000000   Code   RO           82    .ARM.Collect$$$$0000000D  mc_w.l(entry10a.o)
    0x080001e8   0x080001e8   0x00000000   Code   RO           84    .ARM.Collect$$$$0000000F  mc_w.l(entry11a.o)
    0x080001e8   0x080001e8   0x00000004   Code   RO           73    .ARM.Collect$$$$00002712  mc_w.l(entry2.o)
    0x080001ec   0x080001ec   0x0000001c   Code   RO           35    .text               startup_stm32f413xx.o
    0x08000208   0x08000208   0x0000002c   Code   RO           91    .text               mc_w.l(uidiv.o)
    0x08000234   0x08000234   0x00000062   Code   RO           93    .text               mc_w.l(uldiv.o)
    0x08000296   0x08000296   0x00000000   Code   RO           95    .text               mc_w.l(iusefp.o)
    0x08000296   0x08000296   0x0000014e   Code   RO           96    .text               mf_w.l(dadd.o)
    0x080003e4   0x080003e4   0x000000e4   Code   RO           98    .text               mf_w.l(dmul.o)
    0x080004c8   0x080004c8   0x000000de   Code   RO          100    .text               mf_w.l(ddiv.o)
    0x080005a6   0x080005a6   0x00000030   Code   RO          102    .text               mf_w.l(dfixul.o)
    0x080005d6   0x080005d6   0x00000002   PAD
    0x080005d8   0x080005d8   0x00000030   Code   RO          104    .text               mf_w.l(cdrcmple.o)
    0x08000608   0x08000608   0x00000024   Code   RO          106    .text               mc_w.l(init.o)
    0x0800062c   0x0800062c   0x0000001e   Code   RO          109    .text               mc_w.l(llshl.o)
    0x0800064a   0x0800064a   0x00000020   Code   RO          111    .text               mc_w.l(llushr.o)
    0x0800066a   0x0800066a   0x00000024   Code   RO          113    .text               mc_w.l(llsshr.o)
    0x0800068e   0x0800068e   0x000000ba   Code   RO          116    .text               mf_w.l(depilogue.o)
    0x08000748   0x08000748   0x000003ce   Code   RO           12    .text.Gestione_Sniffer_CAN  9_led_blinking_usart2_tx_rx.o
    0x08000b16   0x08000b16   0x00000002   PAD
    0x08000b18   0x08000b18   0x000000aa   Code   RO           10    .text.gestisci_menu_frequenza  9_led_blinking_usart2_tx_rx.o
    0x08000bc2   0x08000bc2   0x00000002   PAD
    0x08000bc4   0x08000bc4   0x0000007a   Code   RO            4    .text.init          9_led_blinking_usart2_tx_rx.o
    0x08000c3e   0x08000c3e   0x00000002   PAD
    0x08000c40   0x08000c40   0x0000010e   Code   RO           16    .text.leggi_numero_hex  9_led_blinking_usart2_tx_rx.o
    0x08000d4e   0x08000d4e   0x00000002   PAD
    0x08000d50   0x08000d50   0x00000088   Code   RO            2    .text.main          9_led_blinking_usart2_tx_rx.o
    0x08000dd8   0x08000dd8   0x00000030   Code   RO           14    .text.scrivi_char   9_led_blinking_usart2_tx_rx.o
    0x08000e08   0x08000e08   0x00000024   Code   RO            6    .text.scrivi_stringa  9_led_blinking_usart2_tx_rx.o
    0x08000e2c   0x08000e2c   0x00000062   Code   RO           20    .text.set_clock_16MHz  9_led_blinking_usart2_tx_rx.o
    0x08000e8e   0x08000e8e   0x00000002   PAD
    0x08000e90   0x08000e90   0x000000ba   Code   RO           18    .text.set_clock_80MHz  9_led_blinking_usart2_tx_rx.o
    0x08000f4a   0x08000f4a   0x00000002   PAD
    0x08000f4c   0x08000f4c   0x0000004a   Code   RO            8    .text.stampa_intestazione  9_led_blinking_usart2_tx_rx.o
    0x08000f96   0x08000f96   0x00000002   PAD
    0x08000f98   0x08000f98   0x00000028   Code   RO           47    i.__0sprintf        mc_w.l(printfa.o)
    0x08000fc0   0x08000fc0   0x0000000e   Code   RO          120    i.__scatterload_copy  mc_w.l(handlers.o)
    0x08000fce   0x08000fce   0x00000002   Code   RO          121    i.__scatterload_null  mc_w.l(handlers.o)
    0x08000fd0   0x08000fd0   0x0000000e   Code   RO          122    i.__scatterload_zeroinit  mc_w.l(handlers.o)
    0x08000fde   0x08000fde   0x00000002   PAD
    0x08000fe0   0x08000fe0   0x00000184   Code   RO           52    i._fp_digits        mc_w.l(printfa.o)
    0x08001164   0x08001164   0x000006dc   Code   RO           53    i._printf_core      mc_w.l(printfa.o)
    0x08001840   0x08001840   0x00000024   Code   RO           54    i._printf_post_padding  mc_w.l(printfa.o)
    0x08001864   0x08001864   0x0000002e   Code   RO           55    i._printf_pre_padding  mc_w.l(printfa.o)
    0x08001892   0x08001892   0x0000000a   Code   RO           57    i._sputc            mc_w.l(printfa.o)
    0x0800189c   0x0800189c   0x00000244   Data   RO           23    .rodata.str1.1      9_led_blinking_usart2_tx_rx.o
    0x08001ae0   0x08001ae0   0x00000020   Data   RO          119    Region$$Table       anon$$obj.o


    Execution Region RW_IRAM1 (Exec base: 0x20000000, Load base: 0x08001b00, Size: 0x000004d0, Max: 0x00050000, ABSOLUTE)

    Exec Addr    Load Addr    Size         Type   Attr      Idx    E Section Name        Object

    0x20000000   0x08001b00   0x00000004   Data   RW           22    .data.current_cpu_freq  9_led_blinking_usart2_tx_rx.o
    0x20000004   0x08001b04   0x00000004   PAD
    0x20000008        -       0x00000064   Zero   RW           25    .bss.buffer_invio   9_led_blinking_usart2_tx_rx.o
    0x2000006c        -       0x00000064   Zero   RW           24    .bss.menu_buffer    9_led_blinking_usart2_tx_rx.o
    0x200000d0        -       0x00000400   Zero   RW           32    STACK               startup_stm32f413xx.o


==============================================================================

Image component sizes


      Code (inc. data)   RO Data    RW Data    ZI Data      Debug   Object Name

      2114          0        580          4        200       3202   9_led_blinking_usart2_tx_rx.o
        28          4        472          0       1024        812   startup_stm32f413xx.o

    ----------------------------------------------------------------------
      2156          4       1084          4       1228       4014   Object Totals
         0          0         32          0          0          0   (incl. Generated)
        14          0          0          0          4          0   (incl. Padding)

    ----------------------------------------------------------------------

      Code (inc. data)   RO Data    RW Data    ZI Data      Debug   Library Member Name

         0          0          0          0          0          0   entry.o
         0          0          0          0          0          0   entry10a.o
         0          0          0          0          0          0   entry11a.o
         8          4          0          0          0          0   entry2.o
         4          0          0          0          0          0   entry5.o
         0          0          0          0          0          0   entry7b.o
         0          0          0          0          0          0   entry8b.o
         8          4          0          0          0          0   entry9a.o
        30          0          0          0          0          0   handlers.o
        36          8          0          0          0         68   init.o
         0          0          0          0          0          0   iusefp.o
        30          0          0          0          0         68   llshl.o
        36          0          0          0          0         68   llsshr.o
        32          0          0          0          0         68   llushr.o
      2276         86          0          0          0        520   printfa.o
        44          0          0          0          0         80   uidiv.o
        98          0          0          0          0         92   uldiv.o
        48          0          0          0          0         68   cdrcmple.o
       334          0          0          0          0        148   dadd.o
       222          0          0          0          0        100   ddiv.o
       186          0          0          0          0        176   depilogue.o
        48          0          0          0          0         68   dfixul.o
       228          0          0          0          0         96   dmul.o

    ----------------------------------------------------------------------
      3672        102          0          0          0       1620   Library Totals
         4          0          0          0          0          0   (incl. Padding)

    ----------------------------------------------------------------------

      Code (inc. data)   RO Data    RW Data    ZI Data      Debug   Library Name

      2602        102          0          0          0        964   mc_w.l
      1066          0          0          0          0        656   mf_w.l

    ----------------------------------------------------------------------
      3672        102          0          0          0       1620   Library Totals

    ----------------------------------------------------------------------

==============================================================================


      Code (inc. data)   RO Data    RW Data    ZI Data      Debug   

      5828        106       1084          4       1228       5006   Grand Totals
      5828        106       1084          4       1228       5006   ELF Image Totals
      5828        106       1084          4          0          0   ROM Totals

==============================================================================

    Total RO  Size (Code + RO Data)                 6912 (   6.75kB)
    Total RW  Size (RW Data + ZI Data)              1232 (   1.20kB)
    Total ROM Size (Code + RO Data + RW Data)       6916 (   6.75kB)

==============================================================================

